[2026-09-06 01:00:50,288: INFO : wellcome to our custom log]
[2026-09-07 00:23:03,217: INFO : yaml file config\config.yaml loaded sucessfukky]
[2026-09-07 00:23:03,224: INFO : yaml file params.yaml loaded sucessfukky]
[2026-09-07 00:30:21,353: INFO : yaml file config\config.yaml loaded sucessfukky]
[2026-09-07 00:30:21,354: INFO : yaml file params.yaml loaded sucessfukky]
[2026-09-07 00:31:03,353: INFO : yaml file config\config.yaml loaded sucessfukky]
[2026-09-07 00:31:03,354: INFO : yaml file params.yaml loaded sucessfukky]
[2026-09-07 00:41:11,670: INFO : yaml file config\config.yaml loaded sucessfukky]
[2026-09-07 00:41:11,671: INFO : yaml file params.yaml loaded sucessfukky]
[2026-09-07 00:46:48,942: INFO : yaml file D:\Arambh\project\kedney\Kidney-Disease-Classification\config\config.yaml loaded sucessfukky]
[2026-09-07 00:47:49,046: INFO : yaml file config\config.yaml loaded sucessfukky]
[2026-09-07 00:47:49,047: INFO : yaml file params.yaml loaded sucessfukky]
[2026-09-07 00:49:06,792: INFO : yaml file config\config.yaml loaded sucessfukky]
[2026-09-07 00:49:06,794: INFO : yaml file params.yaml loaded sucessfukky]
[2026-09-07 01:04:59,091: INFO : yaml file config\config.yaml loaded sucessfukky]
[2026-09-07 01:04:59,092: INFO : content {'artifacts_root': 'artifacts', 'data_ingestion': {'root_dir': 'artifacts/data_ingestion', 'source_URL': 'https://drive.google.com/file/d/1rL6uB6zH8wZWD1rB2yR4povMHWLukq0N/view?usp=sharing', 'local_data_file': 'artifacts/data_ingestion/data.zip', 'unzip_dir': 'artifacts/data_ingestion'}}]
[2026-09-07 01:04:59,093: INFO : yaml file params.yaml loaded sucessfukky]
[2026-09-07 01:04:59,093: INFO : content key:val]
[2026-09-07 01:10:59,112: INFO : yaml file config\config.yaml loaded sucessfukky]
[2026-09-07 01:10:59,113: INFO : content {'artifacts_root': 'artifacts', 'data_ingestion': {'root_dir': 'artifacts/data_ingestion', 'source_URL': 'https://drive.google.com/file/d/1rL6uB6zH8wZWD1rB2yR4povMHWLukq0N/view?usp=sharing', 'local_data_file': 'artifacts/data_ingestion/data.zip', 'unzip_dir': 'artifacts/data_ingestion'}}]
[2026-09-07 01:10:59,113: INFO : yaml file params.yaml loaded sucessfukky]
[2026-09-07 01:10:59,114: INFO : content {'key': 'val'}]
[2026-09-07 01:10:59,114: INFO : create dire ctory at :artifacts]
[2026-09-07 01:21:50,088: INFO : yaml file config\config.yaml loaded sucessfukky]
[2026-09-07 01:21:50,088: INFO : content {'artifacts_root': 'artifacts', 'data_ingestion': {'root_dir': 'artifacts/data_ingestion', 'source_URL': 'https://drive.google.com/file/d/1rL6uB6zH8wZWD1rB2yR4povMHWLukq0N/view?usp=sharing', 'local_data_file': 'artifacts/data_ingestion/data.zip', 'unzip_dir': 'artifacts/data_ingestion'}}]
[2026-09-07 01:21:50,090: INFO : yaml file params.yaml loaded sucessfukky]
[2026-09-07 01:21:50,090: INFO : content {'key': 'val'}]
[2026-09-07 01:21:50,091: INFO : create dire ctory at :artifacts]
[2026-09-07 01:21:50,092: INFO : create dire ctory at :artifacts/data_ingestion]
[2026-09-07 01:21:50,093: INFO : Downloading data form https://drive.google.com/file/d/1rL6uB6zH8wZWD1rB2yR4povMHWLukq0N/view?usp=sharing into file artifacts/data_ingestion/data.zip]
[2026-09-07 01:22:36,786: INFO : DownLoad data from the https://drive.google.com/file/d/1rL6uB6zH8wZWD1rB2yR4povMHWLukq0N/view?usp=sharing into file artifacts/data_ingestion/data.zip]
[2026-09-07 22:57:08,044: INFO : >>>>>>>>stage Data Ingestion Stage started<<<]
[2026-09-07 22:57:08,045: INFO : yaml file config\config.yaml loaded sucessfukky]
[2026-09-07 22:57:08,045: INFO : content {'artifacts_root': 'artifacts', 'data_ingestion': {'root_dir': 'artifacts/data_ingestion', 'source_URL': 'https://drive.google.com/file/d/1rL6uB6zH8wZWD1rB2yR4povMHWLukq0N/view?usp=sharing', 'local_data_file': 'artifacts/data_ingestion/data.zip', 'unzip_dir': 'artifacts/data_ingestion'}}]
[2026-09-07 22:57:08,046: INFO : yaml file params.yaml loaded sucessfukky]
[2026-09-07 22:57:08,046: INFO : content {'key': 'val'}]
[2026-09-07 22:57:08,046: INFO : create dire ctory at :artifacts]
[2026-09-07 22:57:08,047: INFO : create dire ctory at :artifacts/data_ingestion]
[2026-09-07 22:57:08,047: INFO : Downloading data form https://drive.google.com/file/d/1rL6uB6zH8wZWD1rB2yR4povMHWLukq0N/view?usp=sharing into file artifacts/data_ingestion/data.zip]
[2026-09-07 22:57:44,626: INFO : DownLoad data from the https://drive.google.com/file/d/1rL6uB6zH8wZWD1rB2yR4povMHWLukq0N/view?usp=sharing into file artifacts/data_ingestion/data.zip]
[2026-09-07 22:57:46,701: INFO : >>>>>> stage Data Ingestion Stage Completed <<<<<

x=======]
[2026-09-08 13:59:31,626: INFO : generated new fontManager]
[2026-09-08 14:48:20,385: INFO : yaml file config\config.yaml loaded sucessfukky]
[2026-09-08 14:48:20,386: INFO : content {'artifacts_root': 'artifacts', 'data_ingestion': {'root_dir': 'artifacts/data_ingestion', 'source_URL': 'https://drive.google.com/file/d/1rL6uB6zH8wZWD1rB2yR4povMHWLukq0N/view?usp=sharing', 'local_data_file': 'artifacts/data_ingestion/data.zip', 'unzip_dir': 'artifacts/data_ingestion'}, 'prepare_base_model': {'root_dir': 'artifacts/prepare_base_model', 'base_model': 'artifacts/prepare_base_model/base_model.h5', 'update_base_model_path': 'artifacts/prepare_base_model/base_model_updated.h5'}}]
[2026-09-08 14:48:20,390: INFO : yaml file params.yaml loaded sucessfukky]
[2026-09-08 14:48:20,390: INFO : content {'AUGMENTATION': True, 'IMAGE_SIZE': [224, 224, 3], 'BATCH_SIZE': 16, 'INCLUDE_TOP': False, 'EPOCHS': 1, 'CLASSES': 2, 'WEIGHTS': 'imagenet', 'LEARNING_RATE': 0.01}]
[2026-09-08 14:48:20,391: INFO : create dire ctory at :artifacts]
[2026-09-08 14:48:20,392: INFO : create dire ctory at :a]
[2026-09-08 14:48:20,393: INFO : create dire ctory at :r]
[2026-09-08 14:48:20,394: INFO : create dire ctory at :t]
[2026-09-08 14:48:20,395: INFO : create dire ctory at :i]
[2026-09-08 14:48:20,396: INFO : create dire ctory at :f]
[2026-09-08 14:48:20,396: INFO : create dire ctory at :a]
[2026-09-08 14:48:20,397: INFO : create dire ctory at :c]
[2026-09-08 14:48:20,398: INFO : create dire ctory at :t]
[2026-09-08 14:48:20,398: INFO : create dire ctory at :s]
[2026-09-08 14:48:20,399: INFO : create dire ctory at :/]
[2026-09-08 14:48:20,400: INFO : create dire ctory at :p]
[2026-09-08 14:48:20,401: INFO : create dire ctory at :r]
[2026-09-08 14:48:20,401: INFO : create dire ctory at :e]
[2026-09-08 14:48:20,402: INFO : create dire ctory at :p]
[2026-09-08 14:48:20,403: INFO : create dire ctory at :a]
[2026-09-08 14:48:20,403: INFO : create dire ctory at :r]
[2026-09-08 14:48:20,404: INFO : create dire ctory at :e]
[2026-09-08 14:48:20,404: INFO : create dire ctory at :_]
[2026-09-08 14:48:20,405: INFO : create dire ctory at :b]
[2026-09-08 14:48:20,406: INFO : create dire ctory at :a]
[2026-09-08 14:48:20,406: INFO : create dire ctory at :s]
[2026-09-08 14:48:20,407: INFO : create dire ctory at :e]
[2026-09-08 14:48:20,407: INFO : create dire ctory at :_]
[2026-09-08 14:48:20,408: INFO : create dire ctory at :m]
[2026-09-08 14:48:20,409: INFO : create dire ctory at :o]
[2026-09-08 14:48:20,410: INFO : create dire ctory at :d]
[2026-09-08 14:48:20,410: INFO : create dire ctory at :e]
[2026-09-08 14:48:20,411: INFO : create dire ctory at :l]
[2026-09-08 14:49:08,161: INFO : yaml file config\config.yaml loaded sucessfukky]
[2026-09-08 14:49:08,161: INFO : content {'artifacts_root': 'artifacts', 'data_ingestion': {'root_dir': 'artifacts/data_ingestion', 'source_URL': 'https://drive.google.com/file/d/1rL6uB6zH8wZWD1rB2yR4povMHWLukq0N/view?usp=sharing', 'local_data_file': 'artifacts/data_ingestion/data.zip', 'unzip_dir': 'artifacts/data_ingestion'}, 'prepare_base_model': {'root_dir': 'artifacts/prepare_base_model', 'base_model': 'artifacts/prepare_base_model/base_model.h5', 'update_base_model_path': 'artifacts/prepare_base_model/base_model_updated.h5'}}]
[2026-09-08 14:49:08,163: INFO : yaml file params.yaml loaded sucessfukky]
[2026-09-08 14:49:08,163: INFO : content {'AUGMENTATION': True, 'IMAGE_SIZE': [224, 224, 3], 'BATCH_SIZE': 16, 'INCLUDE_TOP': False, 'EPOCHS': 1, 'CLASSES': 2, 'WEIGHTS': 'imagenet', 'LEARNING_RATE': 0.01}]
[2026-09-08 14:49:08,164: INFO : create dire ctory at :artifacts]
[2026-09-08 14:49:08,165: INFO : create dire ctory at :artifacts/data_ingestion]
[2026-09-08 14:49:08,166: INFO : Downloading data form https://drive.google.com/file/d/1rL6uB6zH8wZWD1rB2yR4povMHWLukq0N/view?usp=sharing into file artifacts/data_ingestion/data.zip]
[2026-09-08 14:50:05,079: INFO : DownLoad data from the https://drive.google.com/file/d/1rL6uB6zH8wZWD1rB2yR4povMHWLukq0N/view?usp=sharing into file artifacts/data_ingestion/data.zip]
[2026-09-08 14:50:18,241: INFO : yaml file config\config.yaml loaded sucessfukky]
[2026-09-08 14:50:18,242: INFO : content {'artifacts_root': 'artifacts', 'data_ingestion': {'root_dir': 'artifacts/data_ingestion', 'source_URL': 'https://drive.google.com/file/d/1rL6uB6zH8wZWD1rB2yR4povMHWLukq0N/view?usp=sharing', 'local_data_file': 'artifacts/data_ingestion/data.zip', 'unzip_dir': 'artifacts/data_ingestion'}, 'prepare_base_model': {'root_dir': 'artifacts/prepare_base_model', 'base_model': 'artifacts/prepare_base_model/base_model.h5', 'update_base_model_path': 'artifacts/prepare_base_model/base_model_updated.h5'}}]
[2026-09-08 14:50:18,243: INFO : yaml file params.yaml loaded sucessfukky]
[2026-09-08 14:50:18,243: INFO : content {'AUGMENTATION': True, 'IMAGE_SIZE': [224, 224, 3], 'BATCH_SIZE': 16, 'INCLUDE_TOP': False, 'EPOCHS': 1, 'CLASSES': 2, 'WEIGHTS': 'imagenet', 'LEARNING_RATE': 0.01}]
[2026-09-08 14:50:18,244: INFO : create dire ctory at :artifacts]
[2026-09-08 14:50:18,244: INFO : create dire ctory at :a]
[2026-09-08 14:50:18,245: INFO : create dire ctory at :r]
[2026-09-08 14:50:18,246: INFO : create dire ctory at :t]
[2026-09-08 14:50:18,246: INFO : create dire ctory at :i]
[2026-09-08 14:50:18,247: INFO : create dire ctory at :f]
[2026-09-08 14:50:18,247: INFO : create dire ctory at :a]
[2026-09-08 14:50:18,248: INFO : create dire ctory at :c]
[2026-09-08 14:50:18,248: INFO : create dire ctory at :t]
[2026-09-08 14:50:18,249: INFO : create dire ctory at :s]
[2026-09-08 14:50:18,249: INFO : create dire ctory at :/]
[2026-09-08 14:50:18,250: INFO : create dire ctory at :p]
[2026-09-08 14:50:18,250: INFO : create dire ctory at :r]
[2026-09-08 14:50:18,251: INFO : create dire ctory at :e]
[2026-09-08 14:50:18,251: INFO : create dire ctory at :p]
[2026-09-08 14:50:18,252: INFO : create dire ctory at :a]
[2026-09-08 14:50:18,252: INFO : create dire ctory at :r]
[2026-09-08 14:50:18,253: INFO : create dire ctory at :e]
[2026-09-08 14:50:18,254: INFO : create dire ctory at :_]
[2026-09-08 14:50:18,254: INFO : create dire ctory at :b]
[2026-09-08 14:50:18,255: INFO : create dire ctory at :a]
[2026-09-08 14:50:18,256: INFO : create dire ctory at :s]
[2026-09-08 14:50:18,256: INFO : create dire ctory at :e]
[2026-09-08 14:50:18,257: INFO : create dire ctory at :_]
[2026-09-08 14:50:18,257: INFO : create dire ctory at :m]
[2026-09-08 14:50:18,258: INFO : create dire ctory at :o]
[2026-09-08 14:50:18,258: INFO : create dire ctory at :d]
[2026-09-08 14:50:18,259: INFO : create dire ctory at :e]
[2026-09-08 14:50:18,259: INFO : create dire ctory at :l]
[2026-09-08 14:56:48,768: INFO : yaml file config\config.yaml loaded sucessfukky]
[2026-09-08 14:56:48,769: INFO : content {'artifacts_root': 'artifacts', 'data_ingestion': {'root_dir': 'artifacts/data_ingestion', 'source_URL': 'https://drive.google.com/file/d/1rL6uB6zH8wZWD1rB2yR4povMHWLukq0N/view?usp=sharing', 'local_data_file': 'artifacts/data_ingestion/data.zip', 'unzip_dir': 'artifacts/data_ingestion'}, 'prepare_base_model': {'root_dir': 'artifacts/prepare_base_model', 'base_model': 'artifacts/prepare_base_model/base_model.h5', 'update_base_model_path': 'artifacts/prepare_base_model/base_model_updated.h5'}}]
[2026-09-08 14:56:48,770: INFO : yaml file params.yaml loaded sucessfukky]
[2026-09-08 14:56:48,771: INFO : content {'AUGMENTATION': True, 'IMAGE_SIZE': [224, 224, 3], 'BATCH_SIZE': 16, 'INCLUDE_TOP': False, 'EPOCHS': 1, 'CLASSES': 2, 'WEIGHTS': 'imagenet', 'LEARNING_RATE': 0.01}]
[2026-09-08 15:11:29,913: INFO : yaml file config\config.yaml loaded sucessfukky]
[2026-09-08 15:11:29,914: INFO : content {'artifacts_root': 'artifacts', 'data_ingestion': {'root_dir': 'artifacts/data_ingestion', 'source_URL': 'https://drive.google.com/file/d/1rL6uB6zH8wZWD1rB2yR4povMHWLukq0N/view?usp=sharing', 'local_data_file': 'artifacts/data_ingestion/data.zip', 'unzip_dir': 'artifacts/data_ingestion'}, 'prepare_base_model': {'root_dir': 'artifacts/prepare_base_model', 'base_model': 'artifacts/prepare_base_model/base_model.h5', 'update_base_model_path': 'artifacts/prepare_base_model/base_model_updated.h5'}}]
[2026-09-08 15:11:29,915: INFO : yaml file params.yaml loaded sucessfukky]
[2026-09-08 15:11:29,916: INFO : content {'AUGMENTATION': True, 'IMAGE_SIZE': [224, 224, 3], 'BATCH_SIZE': 16, 'INCLUDE_TOP': False, 'EPOCHS': 1, 'CLASSES': 2, 'WEIGHTS': 'imagenet', 'LEARNING_RATE': 0.01}]
[2026-09-08 15:12:44,740: INFO : yaml file config\config.yaml loaded sucessfukky]
[2026-09-08 15:12:44,740: INFO : content {'artifacts_root': 'artifacts', 'data_ingestion': {'root_dir': 'artifacts/data_ingestion', 'source_URL': 'https://drive.google.com/file/d/1rL6uB6zH8wZWD1rB2yR4povMHWLukq0N/view?usp=sharing', 'local_data_file': 'artifacts/data_ingestion/data.zip', 'unzip_dir': 'artifacts/data_ingestion'}, 'prepare_base_model': {'root_dir': 'artifacts/prepare_base_model', 'base_model': 'artifacts/prepare_base_model/base_model.h5', 'update_base_model_path': 'artifacts/prepare_base_model/base_model_updated.h5'}}]
[2026-09-08 15:12:44,742: INFO : yaml file params.yaml loaded sucessfukky]
[2026-09-08 15:12:44,742: INFO : content {'AUGMENTATION': True, 'IMAGE_SIZE': [224, 224, 3], 'BATCH_SIZE': 16, 'INCLUDE_TOP': False, 'EPOCHS': 1, 'CLASSES': 2, 'WEIGHTS': 'imagenet', 'LEARNING_RATE': 0.01}]
[2026-09-08 15:12:44,744: INFO : create dire ctory at :a]
[2026-09-08 15:12:44,744: INFO : create dire ctory at :r]
[2026-09-08 15:12:44,745: INFO : create dire ctory at :t]
[2026-09-08 15:12:44,746: INFO : create dire ctory at :i]
[2026-09-08 15:12:44,746: INFO : create dire ctory at :f]
[2026-09-08 15:12:44,747: INFO : create dire ctory at :a]
[2026-09-08 15:12:44,748: INFO : create dire ctory at :c]
[2026-09-08 15:12:44,748: INFO : create dire ctory at :t]
[2026-09-08 15:12:44,749: INFO : create dire ctory at :s]
[2026-09-08 15:12:44,749: INFO : create dire ctory at :/]
[2026-09-08 15:12:44,750: INFO : create dire ctory at :p]
[2026-09-08 15:12:44,751: INFO : create dire ctory at :r]
[2026-09-08 15:12:44,751: INFO : create dire ctory at :e]
[2026-09-08 15:12:44,752: INFO : create dire ctory at :p]
[2026-09-08 15:12:44,752: INFO : create dire ctory at :a]
[2026-09-08 15:12:44,753: INFO : create dire ctory at :r]
[2026-09-08 15:12:44,754: INFO : create dire ctory at :e]
[2026-09-08 15:12:44,755: INFO : create dire ctory at :_]
[2026-09-08 15:12:44,756: INFO : create dire ctory at :b]
[2026-09-08 15:12:44,756: INFO : create dire ctory at :a]
[2026-09-08 15:12:44,757: INFO : create dire ctory at :s]
[2026-09-08 15:12:44,758: INFO : create dire ctory at :e]
[2026-09-08 15:12:44,758: INFO : create dire ctory at :_]
[2026-09-08 15:12:44,759: INFO : create dire ctory at :m]
[2026-09-08 15:12:44,760: INFO : create dire ctory at :o]
[2026-09-08 15:12:44,761: INFO : create dire ctory at :d]
[2026-09-08 15:12:44,762: INFO : create dire ctory at :e]
[2026-09-08 15:12:44,762: INFO : create dire ctory at :l]
[2026-09-08 15:18:31,907: INFO : yaml file config\config.yaml loaded sucessfukky]
[2026-09-08 15:18:31,907: INFO : content {'artifacts_root': 'artifacts', 'data_ingestion': {'root_dir': 'artifacts/data_ingestion', 'source_URL': 'https://drive.google.com/file/d/1rL6uB6zH8wZWD1rB2yR4povMHWLukq0N/view?usp=sharing', 'local_data_file': 'artifacts/data_ingestion/data.zip', 'unzip_dir': 'artifacts/data_ingestion'}, 'prepare_base_model': {'root_dir': 'artifacts/prepare_base_model', 'base_model': 'artifacts/prepare_base_model/base_model.h5', 'update_base_model_path': 'artifacts/prepare_base_model/base_model_updated.h5'}}]
[2026-09-08 15:18:31,908: INFO : yaml file params.yaml loaded sucessfukky]
[2026-09-08 15:18:31,909: INFO : content {'AUGMENTATION': True, 'IMAGE_SIZE': [224, 224, 3], 'BATCH_SIZE': 16, 'INCLUDE_TOP': False, 'EPOCHS': 1, 'CLASSES': 2, 'WEIGHTS': 'imagenet', 'LEARNING_RATE': 0.01}]
[2026-09-08 15:18:31,909: INFO : create dire ctory at :artifacts]
[2026-09-08 15:18:31,910: INFO : create dire ctory at :artifacts/prepare_base_model]
[2026-09-08 15:21:43,289: INFO : yaml file config\config.yaml loaded sucessfukky]
[2026-09-08 15:21:43,290: INFO : content {'artifacts_root': 'artifacts', 'data_ingestion': {'root_dir': 'artifacts/data_ingestion', 'source_URL': 'https://drive.google.com/file/d/1rL6uB6zH8wZWD1rB2yR4povMHWLukq0N/view?usp=sharing', 'local_data_file': 'artifacts/data_ingestion/data.zip', 'unzip_dir': 'artifacts/data_ingestion'}, 'prepare_base_model': {'root_dir': 'artifacts/prepare_base_model', 'base_model_path': 'artifacts/prepare_base_model/base_model.h5', 'update_base_model_path': 'artifacts/prepare_base_model/base_model_updated.h5'}}]
[2026-09-08 15:21:43,291: INFO : yaml file params.yaml loaded sucessfukky]
[2026-09-08 15:21:43,291: INFO : content {'AUGMENTATION': True, 'IMAGE_SIZE': [224, 224, 3], 'BATCH_SIZE': 16, 'INCLUDE_TOP': False, 'EPOCHS': 1, 'CLASSES': 2, 'WEIGHTS': 'imagenet', 'LEARNING_RATE': 0.01}]
[2026-09-08 15:21:43,292: INFO : create dire ctory at :artifacts]
[2026-09-08 15:21:43,293: INFO : create dire ctory at :artifacts/prepare_base_model]
[2026-09-08 15:22:09,013: INFO : yaml file config\config.yaml loaded sucessfukky]
[2026-09-08 15:22:09,013: INFO : content {'artifacts_root': 'artifacts', 'data_ingestion': {'root_dir': 'artifacts/data_ingestion', 'source_URL': 'https://drive.google.com/file/d/1rL6uB6zH8wZWD1rB2yR4povMHWLukq0N/view?usp=sharing', 'local_data_file': 'artifacts/data_ingestion/data.zip', 'unzip_dir': 'artifacts/data_ingestion'}, 'prepare_base_model': {'root_dir': 'artifacts/prepare_base_model', 'base_model_path': 'artifacts/prepare_base_model/base_model.h5', 'update_base_model_path': 'artifacts/prepare_base_model/base_model_updated.h5'}}]
[2026-09-08 15:22:09,015: INFO : yaml file params.yaml loaded sucessfukky]
[2026-09-08 15:22:09,015: INFO : content {'AUGMENTATION': True, 'IMAGE_SIZE': [224, 224, 3], 'BATCH_SIZE': 16, 'INCLUDE_TOP': False, 'EPOCHS': 1, 'CLASSES': 2, 'WEIGHTS': 'imagenet', 'LEARNING_RATE': 0.01}]
[2026-09-08 15:22:09,016: INFO : create dire ctory at :artifacts]
[2026-09-08 15:22:09,016: INFO : create dire ctory at :artifacts/prepare_base_model]
[2026-09-08 15:23:37,349: INFO : yaml file config\config.yaml loaded sucessfukky]
[2026-09-08 15:23:37,349: INFO : content {'artifacts_root': 'artifacts', 'data_ingestion': {'root_dir': 'artifacts/data_ingestion', 'source_URL': 'https://drive.google.com/file/d/1rL6uB6zH8wZWD1rB2yR4povMHWLukq0N/view?usp=sharing', 'local_data_file': 'artifacts/data_ingestion/data.zip', 'unzip_dir': 'artifacts/data_ingestion'}, 'prepare_base_model': {'root_dir': 'artifacts/prepare_base_model', 'base_model_path': 'artifacts/prepare_base_model/base_model.h5', 'updated_base_model_path': 'artifacts/prepare_base_model/base_model_updated.h5'}}]
[2026-09-08 15:23:37,350: INFO : yaml file params.yaml loaded sucessfukky]
[2026-09-08 15:23:37,351: INFO : content {'AUGMENTATION': True, 'IMAGE_SIZE': [224, 224, 3], 'BATCH_SIZE': 16, 'INCLUDE_TOP': False, 'EPOCHS': 1, 'CLASSES': 2, 'WEIGHTS': 'imagenet', 'LEARNING_RATE': 0.01}]
[2026-09-08 15:23:37,352: INFO : create dire ctory at :artifacts]
[2026-09-08 15:23:37,353: INFO : create dire ctory at :artifacts/prepare_base_model]
[2026-09-08 15:25:33,359: INFO : yaml file config\config.yaml loaded sucessfukky]
[2026-09-08 15:25:33,359: INFO : content {'artifacts_root': 'artifacts', 'data_ingestion': {'root_dir': 'artifacts/data_ingestion', 'source_URL': 'https://drive.google.com/file/d/1rL6uB6zH8wZWD1rB2yR4povMHWLukq0N/view?usp=sharing', 'local_data_file': 'artifacts/data_ingestion/data.zip', 'unzip_dir': 'artifacts/data_ingestion'}, 'prepare_base_model': {'root_dir': 'artifacts/prepare_base_model', 'base_model_path': 'artifacts/prepare_base_model/base_model.h5', 'updated_base_model_path': 'artifacts/prepare_base_model/base_model_updated.h5'}}]
[2026-09-08 15:25:33,360: INFO : yaml file params.yaml loaded sucessfukky]
[2026-09-08 15:25:33,361: INFO : content {'AUGMENTATION': True, 'IMAGE_SIZE': [224, 224, 3], 'BATCH_SIZE': 16, 'INCLUDE_TOP': False, 'EPOCHS': 1, 'CLASSES': 2, 'WEIGHTS': 'imagenet', 'LEARNING_RATE': 0.01}]
[2026-09-08 15:25:33,361: INFO : create dire ctory at :artifacts]
[2026-09-08 15:25:33,362: INFO : create dire ctory at :artifacts/prepare_base_model]
[2026-09-08 15:26:18,026: INFO : yaml file config\config.yaml loaded sucessfukky]
[2026-09-08 15:26:18,027: INFO : content {'artifacts_root': 'artifacts', 'data_ingestion': {'root_dir': 'artifacts/data_ingestion', 'source_URL': 'https://drive.google.com/file/d/1rL6uB6zH8wZWD1rB2yR4povMHWLukq0N/view?usp=sharing', 'local_data_file': 'artifacts/data_ingestion/data.zip', 'unzip_dir': 'artifacts/data_ingestion'}, 'prepare_base_model': {'root_dir': 'artifacts/prepare_base_model', 'base_model_path': 'artifacts/prepare_base_model/base_model.h5', 'updated_base_model_path': 'artifacts/prepare_base_model/base_model_updated.h5'}}]
[2026-09-08 15:26:18,028: INFO : yaml file params.yaml loaded sucessfukky]
[2026-09-08 15:26:18,028: INFO : content {'AUGMENTATION': True, 'IMAGE_SIZE': [224, 224, 3], 'BATCH_SIZE': 16, 'INCLUDE_TOP': False, 'EPOCHS': 1, 'CLASSES': 2, 'WEIGHTS': 'imagenet', 'LEARNING_RATE': 0.01}]
[2026-09-08 15:26:18,029: INFO : create dire ctory at :artifacts]
[2026-09-08 15:26:18,030: INFO : create dire ctory at :artifacts/prepare_base_model]
[2026-09-08 15:26:28,054: WARNING : You are saving your model as an HDF5 file via `model.save()` or `keras.saving.save_model(model)`. This file format is considered legacy. We recommend using instead the native Keras format, e.g. `model.save('my_model.keras')` or `keras.saving.save_model(model, 'my_model.keras')`. ]
[2026-09-08 15:28:50,467: INFO : yaml file config\config.yaml loaded sucessfukky]
[2026-09-08 15:28:50,468: INFO : content {'artifacts_root': 'artifacts', 'data_ingestion': {'root_dir': 'artifacts/data_ingestion', 'source_URL': 'https://drive.google.com/file/d/1rL6uB6zH8wZWD1rB2yR4povMHWLukq0N/view?usp=sharing', 'local_data_file': 'artifacts/data_ingestion/data.zip', 'unzip_dir': 'artifacts/data_ingestion'}, 'prepare_base_model': {'root_dir': 'artifacts/prepare_base_model', 'base_model_path': 'artifacts/prepare_base_model/base_model.h5', 'updated_base_model_path': 'artifacts/prepare_base_model/base_model_updated.h5'}}]
[2026-09-08 15:28:50,469: INFO : yaml file params.yaml loaded sucessfukky]
[2026-09-08 15:28:50,469: INFO : content {'AUGMENTATION': True, 'IMAGE_SIZE': [224, 224, 3], 'BATCH_SIZE': 16, 'INCLUDE_TOP': False, 'EPOCHS': 1, 'CLASSES': 2, 'WEIGHTS': 'imagenet', 'LEARNING_RATE': 0.01}]
[2026-09-08 15:28:50,470: INFO : create dire ctory at :artifacts]
[2026-09-08 15:28:50,471: INFO : create dire ctory at :artifacts/prepare_base_model]
[2026-09-08 15:28:50,627: WARNING : You are saving your model as an HDF5 file via `model.save()` or `keras.saving.save_model(model)`. This file format is considered legacy. We recommend using instead the native Keras format, e.g. `model.save('my_model.keras')` or `keras.saving.save_model(model, 'my_model.keras')`. ]
[2026-09-08 15:29:20,771: INFO : yaml file config\config.yaml loaded sucessfukky]
[2026-09-08 15:29:20,771: INFO : content {'artifacts_root': 'artifacts', 'data_ingestion': {'root_dir': 'artifacts/data_ingestion', 'source_URL': 'https://drive.google.com/file/d/1rL6uB6zH8wZWD1rB2yR4povMHWLukq0N/view?usp=sharing', 'local_data_file': 'artifacts/data_ingestion/data.zip', 'unzip_dir': 'artifacts/data_ingestion'}, 'prepare_base_model': {'root_dir': 'artifacts/prepare_base_model', 'base_model_path': 'artifacts/prepare_base_model/base_model.h5', 'updated_base_model_path': 'artifacts/prepare_base_model/base_model_updated.h5'}}]
[2026-09-08 15:29:20,772: INFO : yaml file params.yaml loaded sucessfukky]
[2026-09-08 15:29:20,773: INFO : content {'AUGMENTATION': True, 'IMAGE_SIZE': [224, 224, 3], 'BATCH_SIZE': 16, 'INCLUDE_TOP': False, 'EPOCHS': 1, 'CLASSES': 2, 'WEIGHTS': 'imagenet', 'LEARNING_RATE': 0.01}]
[2026-09-08 15:29:20,774: INFO : create dire ctory at :artifacts]
[2026-09-08 15:29:20,774: INFO : create dire ctory at :artifacts/prepare_base_model]
[2026-09-08 15:29:20,938: WARNING : You are saving your model as an HDF5 file via `model.save()` or `keras.saving.save_model(model)`. This file format is considered legacy. We recommend using instead the native Keras format, e.g. `model.save('my_model.keras')` or `keras.saving.save_model(model, 'my_model.keras')`. ]
[2026-09-08 15:30:32,603: INFO : yaml file config\config.yaml loaded sucessfukky]
[2026-09-08 15:30:32,604: INFO : content {'artifacts_root': 'artifacts', 'data_ingestion': {'root_dir': 'artifacts/data_ingestion', 'source_URL': 'https://drive.google.com/file/d/1rL6uB6zH8wZWD1rB2yR4povMHWLukq0N/view?usp=sharing', 'local_data_file': 'artifacts/data_ingestion/data.zip', 'unzip_dir': 'artifacts/data_ingestion'}, 'prepare_base_model': {'root_dir': 'artifacts/prepare_base_model', 'base_model_path': 'artifacts/prepare_base_model/base_model.h5', 'updated_base_model_path': 'artifacts/prepare_base_model/base_model_updated.h5'}}]
[2026-09-08 15:30:32,605: INFO : yaml file params.yaml loaded sucessfukky]
[2026-09-08 15:30:32,605: INFO : content {'AUGMENTATION': True, 'IMAGE_SIZE': [224, 224, 3], 'BATCH_SIZE': 16, 'INCLUDE_TOP': False, 'EPOCHS': 1, 'CLASSES': 2, 'WEIGHTS': 'imagenet', 'LEARNING_RATE': 0.01}]
[2026-09-08 15:30:32,606: INFO : create dire ctory at :artifacts]
[2026-09-08 15:30:32,607: INFO : create dire ctory at :artifacts/prepare_base_model]
[2026-09-08 15:30:32,760: WARNING : You are saving your model as an HDF5 file via `model.save()` or `keras.saving.save_model(model)`. This file format is considered legacy. We recommend using instead the native Keras format, e.g. `model.save('my_model.keras')` or `keras.saving.save_model(model, 'my_model.keras')`. ]
[2026-09-08 15:31:53,440: INFO : yaml file config\config.yaml loaded sucessfukky]
[2026-09-08 15:31:53,440: INFO : content {'artifacts_root': 'artifacts', 'data_ingestion': {'root_dir': 'artifacts/data_ingestion', 'source_URL': 'https://drive.google.com/file/d/1rL6uB6zH8wZWD1rB2yR4povMHWLukq0N/view?usp=sharing', 'local_data_file': 'artifacts/data_ingestion/data.zip', 'unzip_dir': 'artifacts/data_ingestion'}, 'prepare_base_model': {'root_dir': 'artifacts/prepare_base_model', 'base_model_path': 'artifacts/prepare_base_model/base_model.h5', 'updated_base_model_path': 'artifacts/prepare_base_model/base_model_updated.h5'}}]
[2026-09-08 15:31:53,442: INFO : yaml file params.yaml loaded sucessfukky]
[2026-09-08 15:31:53,442: INFO : content {'AUGMENTATION': True, 'IMAGE_SIZE': [224, 224, 3], 'BATCH_SIZE': 16, 'INCLUDE_TOP': False, 'EPOCHS': 1, 'CLASSES': 2, 'WEIGHTS': 'imagenet', 'LEARNING_RATE': 0.01}]
[2026-09-08 15:31:53,443: INFO : create dire ctory at :artifacts]
[2026-09-08 15:31:53,444: INFO : create dire ctory at :artifacts/prepare_base_model]
[2026-09-08 15:31:53,593: WARNING : You are saving your model as an HDF5 file via `model.save()` or `keras.saving.save_model(model)`. This file format is considered legacy. We recommend using instead the native Keras format, e.g. `model.save('my_model.keras')` or `keras.saving.save_model(model, 'my_model.keras')`. ]
[2026-09-08 15:33:20,282: INFO : yaml file config\config.yaml loaded sucessfukky]
[2026-09-08 15:33:20,283: INFO : content {'artifacts_root': 'artifacts', 'data_ingestion': {'root_dir': 'artifacts/data_ingestion', 'source_URL': 'https://drive.google.com/file/d/1rL6uB6zH8wZWD1rB2yR4povMHWLukq0N/view?usp=sharing', 'local_data_file': 'artifacts/data_ingestion/data.zip', 'unzip_dir': 'artifacts/data_ingestion'}, 'prepare_base_model': {'root_dir': 'artifacts/prepare_base_model', 'base_model_path': 'artifacts/prepare_base_model/base_model.h5', 'updated_base_model_path': 'artifacts/prepare_base_model/base_model_updated.h5'}}]
[2026-09-08 15:33:20,284: INFO : yaml file params.yaml loaded sucessfukky]
[2026-09-08 15:33:20,284: INFO : content {'AUGMENTATION': True, 'IMAGE_SIZE': [224, 224, 3], 'BATCH_SIZE': 16, 'INCLUDE_TOP': False, 'EPOCHS': 1, 'CLASSES': 2, 'WEIGHTS': 'imagenet', 'LEARNING_RATE': 0.01}]
[2026-09-08 15:33:20,285: INFO : create dire ctory at :artifacts]
[2026-09-08 15:33:20,286: INFO : create dire ctory at :artifacts/prepare_base_model]
[2026-09-08 15:33:20,437: WARNING : You are saving your model as an HDF5 file via `model.save()` or `keras.saving.save_model(model)`. This file format is considered legacy. We recommend using instead the native Keras format, e.g. `model.save('my_model.keras')` or `keras.saving.save_model(model, 'my_model.keras')`. ]
[2026-09-08 15:34:59,944: INFO : yaml file config\config.yaml loaded sucessfukky]
[2026-09-08 15:34:59,945: INFO : content {'artifacts_root': 'artifacts', 'data_ingestion': {'root_dir': 'artifacts/data_ingestion', 'source_URL': 'https://drive.google.com/file/d/1rL6uB6zH8wZWD1rB2yR4povMHWLukq0N/view?usp=sharing', 'local_data_file': 'artifacts/data_ingestion/data.zip', 'unzip_dir': 'artifacts/data_ingestion'}, 'prepare_base_model': {'root_dir': 'artifacts/prepare_base_model', 'base_model_path': 'artifacts/prepare_base_model/base_model.h5', 'updated_base_model_path': 'artifacts/prepare_base_model/base_model_updated.h5'}}]
[2026-09-08 15:34:59,946: INFO : yaml file params.yaml loaded sucessfukky]
[2026-09-08 15:34:59,946: INFO : content {'AUGMENTATION': True, 'IMAGE_SIZE': [224, 224, 3], 'BATCH_SIZE': 16, 'INCLUDE_TOP': False, 'EPOCHS': 1, 'CLASSES': 2, 'WEIGHTS': 'imagenet', 'LEARNING_RATE': 0.01}]
[2026-09-08 15:34:59,947: INFO : create dire ctory at :artifacts]
[2026-09-08 15:34:59,947: INFO : create dire ctory at :artifacts/prepare_base_model]
[2026-09-08 15:35:00,115: WARNING : You are saving your model as an HDF5 file via `model.save()` or `keras.saving.save_model(model)`. This file format is considered legacy. We recommend using instead the native Keras format, e.g. `model.save('my_model.keras')` or `keras.saving.save_model(model, 'my_model.keras')`. ]
[2026-09-08 15:35:30,965: INFO : yaml file config\config.yaml loaded sucessfukky]
[2026-09-08 15:35:30,965: INFO : content {'artifacts_root': 'artifacts', 'data_ingestion': {'root_dir': 'artifacts/data_ingestion', 'source_URL': 'https://drive.google.com/file/d/1rL6uB6zH8wZWD1rB2yR4povMHWLukq0N/view?usp=sharing', 'local_data_file': 'artifacts/data_ingestion/data.zip', 'unzip_dir': 'artifacts/data_ingestion'}, 'prepare_base_model': {'root_dir': 'artifacts/prepare_base_model', 'base_model_path': 'artifacts/prepare_base_model/base_model.h5', 'updated_base_model_path': 'artifacts/prepare_base_model/base_model_updated.h5'}}]
[2026-09-08 15:35:30,966: INFO : yaml file params.yaml loaded sucessfukky]
[2026-09-08 15:35:30,967: INFO : content {'AUGMENTATION': True, 'IMAGE_SIZE': [224, 224, 3], 'BATCH_SIZE': 16, 'INCLUDE_TOP': False, 'EPOCHS': 1, 'CLASSES': 2, 'WEIGHTS': 'imagenet', 'LEARNING_RATE': 0.01}]
[2026-09-08 15:35:30,968: INFO : create dire ctory at :artifacts]
[2026-09-08 15:35:30,968: INFO : create dire ctory at :artifacts/prepare_base_model]
[2026-09-08 15:35:31,121: WARNING : You are saving your model as an HDF5 file via `model.save()` or `keras.saving.save_model(model)`. This file format is considered legacy. We recommend using instead the native Keras format, e.g. `model.save('my_model.keras')` or `keras.saving.save_model(model, 'my_model.keras')`. ]
[2026-09-08 15:35:58,717: INFO : yaml file config\config.yaml loaded sucessfukky]
[2026-09-08 15:35:58,717: INFO : content {'artifacts_root': 'artifacts', 'data_ingestion': {'root_dir': 'artifacts/data_ingestion', 'source_URL': 'https://drive.google.com/file/d/1rL6uB6zH8wZWD1rB2yR4povMHWLukq0N/view?usp=sharing', 'local_data_file': 'artifacts/data_ingestion/data.zip', 'unzip_dir': 'artifacts/data_ingestion'}, 'prepare_base_model': {'root_dir': 'artifacts/prepare_base_model', 'base_model_path': 'artifacts/prepare_base_model/base_model.h5', 'updated_base_model_path': 'artifacts/prepare_base_model/base_model_updated.h5'}}]
[2026-09-08 15:35:58,718: INFO : yaml file params.yaml loaded sucessfukky]
[2026-09-08 15:35:58,719: INFO : content {'AUGMENTATION': True, 'IMAGE_SIZE': [224, 224, 3], 'BATCH_SIZE': 16, 'INCLUDE_TOP': False, 'EPOCHS': 1, 'CLASSES': 2, 'WEIGHTS': 'imagenet', 'LEARNING_RATE': 0.01}]
[2026-09-08 15:35:58,719: INFO : create dire ctory at :artifacts]
[2026-09-08 15:35:58,720: INFO : create dire ctory at :artifacts/prepare_base_model]
[2026-09-08 15:35:58,887: WARNING : You are saving your model as an HDF5 file via `model.save()` or `keras.saving.save_model(model)`. This file format is considered legacy. We recommend using instead the native Keras format, e.g. `model.save('my_model.keras')` or `keras.saving.save_model(model, 'my_model.keras')`. ]
[2026-09-08 15:37:32,063: INFO : yaml file config\config.yaml loaded sucessfukky]
[2026-09-08 15:37:32,063: INFO : content {'artifacts_root': 'artifacts', 'data_ingestion': {'root_dir': 'artifacts/data_ingestion', 'source_URL': 'https://drive.google.com/file/d/1rL6uB6zH8wZWD1rB2yR4povMHWLukq0N/view?usp=sharing', 'local_data_file': 'artifacts/data_ingestion/data.zip', 'unzip_dir': 'artifacts/data_ingestion'}, 'prepare_base_model': {'root_dir': 'artifacts/prepare_base_model', 'base_model_path': 'artifacts/prepare_base_model/base_model.h5', 'updated_base_model_path': 'artifacts/prepare_base_model/base_model_updated.h5'}}]
[2026-09-08 15:37:32,064: INFO : yaml file params.yaml loaded sucessfukky]
[2026-09-08 15:37:32,065: INFO : content {'AUGMENTATION': True, 'IMAGE_SIZE': [224, 224, 3], 'BATCH_SIZE': 16, 'INCLUDE_TOP': False, 'EPOCHS': 1, 'CLASSES': 2, 'WEIGHTS': 'imagenet', 'LEARNING_RATE': 0.01}]
[2026-09-08 15:37:32,065: INFO : create dire ctory at :artifacts]
[2026-09-08 15:37:32,066: INFO : create dire ctory at :artifacts/prepare_base_model]
[2026-09-08 15:37:32,355: WARNING : You are saving your model as an HDF5 file via `model.save()` or `keras.saving.save_model(model)`. This file format is considered legacy. We recommend using instead the native Keras format, e.g. `model.save('my_model.keras')` or `keras.saving.save_model(model, 'my_model.keras')`. ]
[2026-09-08 15:37:46,451: INFO : yaml file config\config.yaml loaded sucessfukky]
[2026-09-08 15:37:46,451: INFO : content {'artifacts_root': 'artifacts', 'data_ingestion': {'root_dir': 'artifacts/data_ingestion', 'source_URL': 'https://drive.google.com/file/d/1rL6uB6zH8wZWD1rB2yR4povMHWLukq0N/view?usp=sharing', 'local_data_file': 'artifacts/data_ingestion/data.zip', 'unzip_dir': 'artifacts/data_ingestion'}, 'prepare_base_model': {'root_dir': 'artifacts/prepare_base_model', 'base_model_path': 'artifacts/prepare_base_model/base_model.h5', 'updated_base_model_path': 'artifacts/prepare_base_model/base_model_updated.h5'}}]
[2026-09-08 15:37:46,453: INFO : yaml file params.yaml loaded sucessfukky]
[2026-09-08 15:37:46,453: INFO : content {'AUGMENTATION': True, 'IMAGE_SIZE': [224, 224, 3], 'BATCH_SIZE': 16, 'INCLUDE_TOP': False, 'EPOCHS': 1, 'CLASSES': 2, 'WEIGHTS': 'imagenet', 'LEARNING_RATE': 0.01}]
[2026-09-08 15:37:46,454: INFO : create dire ctory at :artifacts]
[2026-09-08 15:37:46,455: INFO : create dire ctory at :artifacts/prepare_base_model]
[2026-09-08 15:37:46,603: WARNING : You are saving your model as an HDF5 file via `model.save()` or `keras.saving.save_model(model)`. This file format is considered legacy. We recommend using instead the native Keras format, e.g. `model.save('my_model.keras')` or `keras.saving.save_model(model, 'my_model.keras')`. ]
[2026-09-08 15:39:29,850: INFO : yaml file config\config.yaml loaded sucessfukky]
[2026-09-08 15:39:29,850: INFO : content {'artifacts_root': 'artifacts', 'data_ingestion': {'root_dir': 'artifacts/data_ingestion', 'source_URL': 'https://drive.google.com/file/d/1rL6uB6zH8wZWD1rB2yR4povMHWLukq0N/view?usp=sharing', 'local_data_file': 'artifacts/data_ingestion/data.zip', 'unzip_dir': 'artifacts/data_ingestion'}, 'prepare_base_model': {'root_dir': 'artifacts/prepare_base_model', 'base_model_path': 'artifacts/prepare_base_model/base_model.h5', 'updated_base_model_path': 'artifacts/prepare_base_model/base_model_updated.h5'}}]
[2026-09-08 15:39:29,852: INFO : yaml file params.yaml loaded sucessfukky]
[2026-09-08 15:39:29,852: INFO : content {'AUGMENTATION': True, 'IMAGE_SIZE': [224, 224, 3], 'BATCH_SIZE': 16, 'INCLUDE_TOP': False, 'EPOCHS': 1, 'CLASSES': 2, 'WEIGHTS': 'imagenet', 'LEARNING_RATE': 0.01}]
[2026-09-08 15:39:29,853: INFO : create dire ctory at :artifacts]
[2026-09-08 15:39:29,854: INFO : create dire ctory at :artifacts/prepare_base_model]
[2026-09-08 15:39:30,006: WARNING : You are saving your model as an HDF5 file via `model.save()` or `keras.saving.save_model(model)`. This file format is considered legacy. We recommend using instead the native Keras format, e.g. `model.save('my_model.keras')` or `keras.saving.save_model(model, 'my_model.keras')`. ]
[2026-09-08 15:39:59,603: INFO : yaml file config\config.yaml loaded sucessfukky]
[2026-09-08 15:39:59,604: INFO : content {'artifacts_root': 'artifacts', 'data_ingestion': {'root_dir': 'artifacts/data_ingestion', 'source_URL': 'https://drive.google.com/file/d/1rL6uB6zH8wZWD1rB2yR4povMHWLukq0N/view?usp=sharing', 'local_data_file': 'artifacts/data_ingestion/data.zip', 'unzip_dir': 'artifacts/data_ingestion'}, 'prepare_base_model': {'root_dir': 'artifacts/prepare_base_model', 'base_model_path': 'artifacts/prepare_base_model/base_model.h5', 'updated_base_model_path': 'artifacts/prepare_base_model/base_model_updated.h5'}}]
[2026-09-08 15:39:59,605: INFO : yaml file params.yaml loaded sucessfukky]
[2026-09-08 15:39:59,605: INFO : content {'AUGMENTATION': True, 'IMAGE_SIZE': [224, 224, 3], 'BATCH_SIZE': 16, 'INCLUDE_TOP': False, 'EPOCHS': 1, 'CLASSES': 2, 'WEIGHTS': 'imagenet', 'LEARNING_RATE': 0.01}]
[2026-09-08 15:39:59,606: INFO : create dire ctory at :artifacts]
[2026-09-08 15:39:59,606: INFO : create dire ctory at :artifacts/prepare_base_model]
[2026-09-08 15:39:59,762: WARNING : You are saving your model as an HDF5 file via `model.save()` or `keras.saving.save_model(model)`. This file format is considered legacy. We recommend using instead the native Keras format, e.g. `model.save('my_model.keras')` or `keras.saving.save_model(model, 'my_model.keras')`. ]
[2026-09-08 15:43:31,082: INFO : yaml file config\config.yaml loaded sucessfukky]
[2026-09-08 15:43:31,083: INFO : content {'artifacts_root': 'artifacts', 'data_ingestion': {'root_dir': 'artifacts/data_ingestion', 'source_URL': 'https://drive.google.com/file/d/1rL6uB6zH8wZWD1rB2yR4povMHWLukq0N/view?usp=sharing', 'local_data_file': 'artifacts/data_ingestion/data.zip', 'unzip_dir': 'artifacts/data_ingestion'}, 'prepare_base_model': {'root_dir': 'artifacts/prepare_base_model', 'base_model_path': 'artifacts/prepare_base_model/base_model.h5', 'updated_base_model_path': 'artifacts/prepare_base_model/base_model_updated.h5'}}]
[2026-09-08 15:43:31,084: INFO : yaml file params.yaml loaded sucessfukky]
[2026-09-08 15:43:31,085: INFO : content {'AUGMENTATION': True, 'IMAGE_SIZE': [224, 224, 3], 'BATCH_SIZE': 16, 'INCLUDE_TOP': False, 'EPOCHS': 1, 'CLASSES': 2, 'WEIGHTS': 'imagenet', 'LEARNING_RATE': 0.01}]
[2026-09-08 15:43:31,086: INFO : create dire ctory at :artifacts]
[2026-09-08 15:43:31,086: INFO : create dire ctory at :artifacts/prepare_base_model]
[2026-09-08 15:43:31,242: WARNING : You are saving your model as an HDF5 file via `model.save()` or `keras.saving.save_model(model)`. This file format is considered legacy. We recommend using instead the native Keras format, e.g. `model.save('my_model.keras')` or `keras.saving.save_model(model, 'my_model.keras')`. ]
[2026-09-08 15:44:21,962: INFO : yaml file config\config.yaml loaded sucessfukky]
[2026-09-08 15:44:21,962: INFO : content {'artifacts_root': 'artifacts', 'data_ingestion': {'root_dir': 'artifacts/data_ingestion', 'source_URL': 'https://drive.google.com/file/d/1rL6uB6zH8wZWD1rB2yR4povMHWLukq0N/view?usp=sharing', 'local_data_file': 'artifacts/data_ingestion/data.zip', 'unzip_dir': 'artifacts/data_ingestion'}, 'prepare_base_model': {'root_dir': 'artifacts/prepare_base_model', 'base_model_path': 'artifacts/prepare_base_model/base_model.h5', 'updated_base_model_path': 'artifacts/prepare_base_model/base_model_updated.h5'}}]
[2026-09-08 15:44:21,964: INFO : yaml file params.yaml loaded sucessfukky]
[2026-09-08 15:44:21,964: INFO : content {'AUGMENTATION': True, 'IMAGE_SIZE': [224, 224, 3], 'BATCH_SIZE': 16, 'INCLUDE_TOP': False, 'EPOCHS': 1, 'CLASSES': 2, 'WEIGHTS': 'imagenet', 'LEARNING_RATE': 0.01}]
[2026-09-08 15:44:21,965: INFO : create dire ctory at :artifacts]
[2026-09-08 15:44:21,965: INFO : create dire ctory at :artifacts/prepare_base_model]
[2026-09-08 15:44:22,115: WARNING : You are saving your model as an HDF5 file via `model.save()` or `keras.saving.save_model(model)`. This file format is considered legacy. We recommend using instead the native Keras format, e.g. `model.save('my_model.keras')` or `keras.saving.save_model(model, 'my_model.keras')`. ]
[2026-09-08 15:44:22,198: WARNING : TensorFlow GPU support is not available on native Windows for TensorFlow >= 2.11. Even if CUDA/cuDNN are installed, GPU will not be used. Please use WSL2 or the TensorFlow-DirectML plugin.]
[2026-09-08 15:44:22,217: WARNING : You are saving your model as an HDF5 file via `model.save()` or `keras.saving.save_model(model)`. This file format is considered legacy. We recommend using instead the native Keras format, e.g. `model.save('my_model.keras')` or `keras.saving.save_model(model, 'my_model.keras')`. ]
[2026-09-10 22:55:12,424: INFO : >>>>>>>>stage Data Ingestion Stage started<<<]
[2026-09-10 22:55:12,435: INFO : yaml file config\config.yaml loaded sucessfukky]
[2026-09-10 22:55:12,435: INFO : content {'artifacts_root': 'artifacts', 'data_ingestion': {'root_dir': 'artifacts/data_ingestion', 'source_URL': 'https://drive.google.com/file/d/1rL6uB6zH8wZWD1rB2yR4povMHWLukq0N/view?usp=sharing', 'local_data_file': 'artifacts/data_ingestion/data.zip', 'unzip_dir': 'artifacts/data_ingestion'}, 'prepare_base_model': {'root_dir': 'artifacts/prepare_base_model', 'base_model_path': 'artifacts/prepare_base_model/base_model.h5', 'updated_base_model_path': 'artifacts/prepare_base_model/base_model_updated.h5'}}]
[2026-09-10 22:55:12,448: INFO : yaml file params.yaml loaded sucessfukky]
[2026-09-10 22:55:12,448: INFO : content {'AUGMENTATION': True, 'IMAGE_SIZE': [224, 224, 3], 'BATCH_SIZE': 16, 'INCLUDE_TOP': False, 'EPOCHS': 1, 'CLASSES': 2, 'WEIGHTS': 'imagenet', 'LEARNING_RATE': 0.01}]
[2026-09-10 22:55:12,449: INFO : create dire ctory at :artifacts]
[2026-09-10 22:55:12,449: INFO : create dire ctory at :artifacts/data_ingestion]
[2026-09-10 22:55:12,449: INFO : Downloading data form https://drive.google.com/file/d/1rL6uB6zH8wZWD1rB2yR4povMHWLukq0N/view?usp=sharing into file artifacts/data_ingestion/data.zip]
[2026-09-10 22:55:59,846: INFO : DownLoad data from the https://drive.google.com/file/d/1rL6uB6zH8wZWD1rB2yR4povMHWLukq0N/view?usp=sharing into file artifacts/data_ingestion/data.zip]
[2026-09-10 22:56:01,890: INFO : >>>>>> stage Data Ingestion Stage Completed <<<<<

x=======]
[2026-09-11 21:55:41,911: INFO : >>>>>>>>stage Data Ingestion Stage started<<<]
[2026-09-11 21:55:41,933: INFO : yaml file config\config.yaml loaded sucessfukky]
[2026-09-11 21:55:41,933: INFO : content {'artifacts_root': 'artifacts', 'data_ingestion': {'root_dir': 'artifacts/data_ingestion', 'source_URL': 'https://drive.google.com/file/d/1rL6uB6zH8wZWD1rB2yR4povMHWLukq0N/view?usp=sharing', 'local_data_file': 'artifacts/data_ingestion/data.zip', 'unzip_dir': 'artifacts/data_ingestion'}, 'prepare_base_model': {'root_dir': 'artifacts/prepare_base_model', 'base_model_path': 'artifacts/prepare_base_model/base_model.h5', 'updated_base_model_path': 'artifacts/prepare_base_model/base_model_updated.h5'}}]
[2026-09-11 21:55:41,952: INFO : yaml file params.yaml loaded sucessfukky]
[2026-09-11 21:55:41,953: INFO : content {'AUGMENTATION': True, 'IMAGE_SIZE': [224, 224, 3], 'BATCH_SIZE': 16, 'INCLUDE_TOP': False, 'EPOCHS': 1, 'CLASSES': 2, 'WEIGHTS': 'imagenet', 'LEARNING_RATE': 0.01}]
[2026-09-11 21:55:41,953: INFO : create dire ctory at :artifacts]
[2026-09-11 21:55:41,953: INFO : create dire ctory at :artifacts/data_ingestion]
[2026-09-11 21:55:41,954: INFO : Downloading data form https://drive.google.com/file/d/1rL6uB6zH8wZWD1rB2yR4povMHWLukq0N/view?usp=sharing into file artifacts/data_ingestion/data.zip]
[2026-09-11 21:56:19,182: INFO : DownLoad data from the https://drive.google.com/file/d/1rL6uB6zH8wZWD1rB2yR4povMHWLukq0N/view?usp=sharing into file artifacts/data_ingestion/data.zip]
[2026-09-11 21:56:21,048: INFO : >>>>>> stage Data Ingestion Stage Completed <<<<<

x=======]
[2026-09-11 21:56:21,048: INFO : *********************]
[2026-09-11 21:56:21,048: INFO : >>>>>>> Stage Prepare Base Model started <<<<]
[2026-09-11 21:56:21,049: INFO : yaml file config\config.yaml loaded sucessfukky]
[2026-09-11 21:56:21,049: INFO : content {'artifacts_root': 'artifacts', 'data_ingestion': {'root_dir': 'artifacts/data_ingestion', 'source_URL': 'https://drive.google.com/file/d/1rL6uB6zH8wZWD1rB2yR4povMHWLukq0N/view?usp=sharing', 'local_data_file': 'artifacts/data_ingestion/data.zip', 'unzip_dir': 'artifacts/data_ingestion'}, 'prepare_base_model': {'root_dir': 'artifacts/prepare_base_model', 'base_model_path': 'artifacts/prepare_base_model/base_model.h5', 'updated_base_model_path': 'artifacts/prepare_base_model/base_model_updated.h5'}}]
[2026-09-11 21:56:21,050: INFO : yaml file params.yaml loaded sucessfukky]
[2026-09-11 21:56:21,050: INFO : content {'AUGMENTATION': True, 'IMAGE_SIZE': [224, 224, 3], 'BATCH_SIZE': 16, 'INCLUDE_TOP': False, 'EPOCHS': 1, 'CLASSES': 2, 'WEIGHTS': 'imagenet', 'LEARNING_RATE': 0.01}]
[2026-09-11 21:56:21,050: INFO : create dire ctory at :artifacts]
[2026-09-11 21:56:21,051: INFO : create dire ctory at :artifacts/prepare_base_model]
[2026-09-11 21:56:21,352: WARNING : You are saving your model as an HDF5 file via `model.save()` or `keras.saving.save_model(model)`. This file format is considered legacy. We recommend using instead the native Keras format, e.g. `model.save('my_model.keras')` or `keras.saving.save_model(model, 'my_model.keras')`. ]
[2026-09-11 21:56:21,412: WARNING : TensorFlow GPU support is not available on native Windows for TensorFlow >= 2.11. Even if CUDA/cuDNN are installed, GPU will not be used. Please use WSL2 or the TensorFlow-DirectML plugin.]
[2026-09-11 21:56:21,425: WARNING : You are saving your model as an HDF5 file via `model.save()` or `keras.saving.save_model(model)`. This file format is considered legacy. We recommend using instead the native Keras format, e.g. `model.save('my_model.keras')` or `keras.saving.save_model(model, 'my_model.keras')`. ]
[2026-09-11 21:56:21,474: INFO : >>>>>>>> Stage  {Stage_Name} completed <<<<<<

x======x]
